2026-07-14 09:02:53.606 Uvicorn server started on :::8502
2026-07-14 09:03:45.064 `label` got an empty value. This is discouraged for accessibility reasons and may be disallowed in the future by raising an exception. Please provide a non-empty label and hide it with label_visibility if needed.
Stack (most recent call last):
  File "C:\Users\USER\AppData\Local\Python\pythoncore-3.14-64\Lib\threading.py", line 1044, in _bootstrap
    self._bootstrap_inner()
  File "C:\Users\USER\AppData\Local\Python\pythoncore-3.14-64\Lib\threading.py", line 1082, in _bootstrap_inner
    self._context.run(self.run)
  File "C:\Users\USER\AppData\Local\Python\pythoncore-3.14-64\Lib\threading.py", line 1024, in run
    self._target(*self._args, **self._kwargs)
  File "C:\Users\USER\AppData\Local\Python\pythoncore-3.14-64\Lib\site-packages\streamlit\runtime\scriptrunner\script_runner.py", line 418, in _run_script_thread
    self._run_script(request.rerun_data)
  File "C:\Users\USER\AppData\Local\Python\pythoncore-3.14-64\Lib\site-packages\streamlit\runtime\scriptrunner\script_runner.py", line 820, in _run_script
    ) = exec_func_with_error_handling(code_to_exec, ctx)
  File "C:\Users\USER\AppData\Local\Python\pythoncore-3.14-64\Lib\site-packages\streamlit\runtime\scriptrunner\exec_code.py", line 129, in exec_func_with_error_handling
    result = func()
  File "C:\Users\USER\AppData\Local\Python\pythoncore-3.14-64\Lib\site-packages\streamlit\runtime\scriptrunner\script_runner.py", line 795, in code_to_exec
    exec(code, module.__dict__)  # noqa: S102
  File "C:\Projects\okx-hackathon\app.py", line 56, in <module>
    token, analyze = render_home()
  File "C:\Projects\okx-hackathon\screens\home.py", line 11, in render
    token = st.text_input(
  File "C:\Users\USER\AppData\Local\Python\pythoncore-3.14-64\Lib\site-packages\streamlit\runtime\metrics_util.py", line 568, in wrapped_func
    result = non_optional_func(*args, **kwargs)
  File "C:\Users\USER\AppData\Local\Python\pythoncore-3.14-64\Lib\site-packages\streamlit\elements\widgets\text_widgets.py", line 341, in text_input
    return self._text_input(
  File "C:\Users\USER\AppData\Local\Python\pythoncore-3.14-64\Lib\site-packages\streamlit\elements\widgets\text_widgets.py", line 392, in _text_input
    maybe_raise_label_warnings(label, label_visibility)
  File "C:\Users\USER\AppData\Local\Python\pythoncore-3.14-64\Lib\site-packages\streamlit\elements\lib\policies.py", line 150, in maybe_raise_label_warnings
    _LOGGER.warning(
2026-07-14 09:03:49.493 `label` got an empty value. This is discouraged for accessibility reasons and may be disallowed in the future by raising an exception. Please provide a non-empty label and hide it with label_visibility if needed.
Stack (most recent call last):
  File "C:\Users\USER\AppData\Local\Python\pythoncore-3.14-64\Lib\threading.py", line 1044, in _bootstrap
    self._bootstrap_inner()
  File "C:\Users\USER\AppData\Local\Python\pythoncore-3.14-64\Lib\threading.py", line 1082, in _bootstrap_inner
    self._context.run(self.run)
  File "C:\Users\USER\AppData\Local\Python\pythoncore-3.14-64\Lib\threading.py", line 1024, in run
    self._target(*self._args, **self._kwargs)
  File "C:\Users\USER\AppData\Local\Python\pythoncore-3.14-64\Lib\site-packages\streamlit\runtime\scriptrunner\script_runner.py", line 418, in _run_script_thread
    self._run_script(request.rerun_data)
  File "C:\Users\USER\AppData\Local\Python\pythoncore-3.14-64\Lib\site-packages\streamlit\runtime\scriptrunner\script_runner.py", line 820, in _run_script
    ) = exec_func_with_error_handling(code_to_exec, ctx)
  File "C:\Users\USER\AppData\Local\Python\pythoncore-3.14-64\Lib\site-packages\streamlit\runtime\scriptrunner\exec_code.py", line 129, in exec_func_with_error_handling
    result = func()
  File "C:\Users\USER\AppData\Local\Python\pythoncore-3.14-64\Lib\site-packages\streamlit\runtime\scriptrunner\script_runner.py", line 795, in code_to_exec
    exec(code, module.__dict__)  # noqa: S102
  File "C:\Projects\okx-hackathon\app.py", line 56, in <module>
    token, analyze = render_home()
  File "C:\Projects\okx-hackathon\screens\home.py", line 11, in render
    token = st.text_input(
  File "C:\Users\USER\AppData\Local\Python\pythoncore-3.14-64\Lib\site-packages\streamlit\runtime\metrics_util.py", line 568, in wrapped_func
    result = non_optional_func(*args, **kwargs)
  File "C:\Users\USER\AppData\Local\Python\pythoncore-3.14-64\Lib\site-packages\streamlit\elements\widgets\text_widgets.py", line 341, in text_input
    return self._text_input(
  File "C:\Users\USER\AppData\Local\Python\pythoncore-3.14-64\Lib\site-packages\streamlit\elements\widgets\text_widgets.py", line 392, in _text_input
    maybe_raise_label_warnings(label, label_visibility)
  File "C:\Users\USER\AppData\Local\Python\pythoncore-3.14-64\Lib\site-packages\streamlit\elements\lib\policies.py", line 150, in maybe_raise_label_warnings
    _LOGGER.warning(
2026-07-14 09:33:12.962 `label` got an empty value. This is discouraged for accessibility reasons and may be disallowed in the future by raising an exception. Please provide a non-empty label and hide it with label_visibility if needed.
Stack (most recent call last):
  File "C:\Users\USER\AppData\Local\Python\pythoncore-3.14-64\Lib\threading.py", line 1044, in _bootstrap
    self._bootstrap_inner()
  File "C:\Users\USER\AppData\Local\Python\pythoncore-3.14-64\Lib\threading.py", line 1082, in _bootstrap_inner
    self._context.run(self.run)
  File "C:\Users\USER\AppData\Local\Python\pythoncore-3.14-64\Lib\threading.py", line 1024, in run
    self._target(*self._args, **self._kwargs)
  File "C:\Users\USER\AppData\Local\Python\pythoncore-3.14-64\Lib\site-packages\streamlit\runtime\scriptrunner\script_runner.py", line 418, in _run_script_thread
    self._run_script(request.rerun_data)
  File "C:\Users\USER\AppData\Local\Python\pythoncore-3.14-64\Lib\site-packages\streamlit\runtime\scriptrunner\script_runner.py", line 820, in _run_script
    ) = exec_func_with_error_handling(code_to_exec, ctx)
  File "C:\Users\USER\AppData\Local\Python\pythoncore-3.14-64\Lib\site-packages\streamlit\runtime\scriptrunner\exec_code.py", line 129, in exec_func_with_error_handling
    result = func()
  File "C:\Users\USER\AppData\Local\Python\pythoncore-3.14-64\Lib\site-packages\streamlit\runtime\scriptrunner\script_runner.py", line 795, in code_to_exec
    exec(code, module.__dict__)  # noqa: S102
  File "C:\Projects\okx-hackathon\app.py", line 56, in <module>
    token, analyze = render_home()
  File "C:\Projects\okx-hackathon\screens\home.py", line 11, in render
    token = st.text_input(
  File "C:\Users\USER\AppData\Local\Python\pythoncore-3.14-64\Lib\site-packages\streamlit\runtime\metrics_util.py", line 568, in wrapped_func
    result = non_optional_func(*args, **kwargs)
  File "C:\Users\USER\AppData\Local\Python\pythoncore-3.14-64\Lib\site-packages\streamlit\elements\widgets\text_widgets.py", line 341, in text_input
    return self._text_input(
  File "C:\Users\USER\AppData\Local\Python\pythoncore-3.14-64\Lib\site-packages\streamlit\elements\widgets\text_widgets.py", line 392, in _text_input
    maybe_raise_label_warnings(label, label_visibility)
  File "C:\Users\USER\AppData\Local\Python\pythoncore-3.14-64\Lib\site-packages\streamlit\elements\lib\policies.py", line 150, in maybe_raise_label_warnings
    _LOGGER.warning(
2026-07-14 09:33:17.299 `label` got an empty value. This is discouraged for accessibility reasons and may be disallowed in the future by raising an exception. Please provide a non-empty label and hide it with label_visibility if needed.
Stack (most recent call last):
  File "C:\Users\USER\AppData\Local\Python\pythoncore-3.14-64\Lib\threading.py", line 1044, in _bootstrap
    self._bootstrap_inner()
  File "C:\Users\USER\AppData\Local\Python\pythoncore-3.14-64\Lib\threading.py", line 1082, in _bootstrap_inner
    self._context.run(self.run)
  File "C:\Users\USER\AppData\Local\Python\pythoncore-3.14-64\Lib\threading.py", line 1024, in run
    self._target(*self._args, **self._kwargs)
  File "C:\Users\USER\AppData\Local\Python\pythoncore-3.14-64\Lib\site-packages\streamlit\runtime\scriptrunner\script_runner.py", line 418, in _run_script_thread
    self._run_script(request.rerun_data)
  File "C:\Users\USER\AppData\Local\Python\pythoncore-3.14-64\Lib\site-packages\streamlit\runtime\scriptrunner\script_runner.py", line 820, in _run_script
    ) = exec_func_with_error_handling(code_to_exec, ctx)
  File "C:\Users\USER\AppData\Local\Python\pythoncore-3.14-64\Lib\site-packages\streamlit\runtime\scriptrunner\exec_code.py", line 129, in exec_func_with_error_handling
    result = func()
  File "C:\Users\USER\AppData\Local\Python\pythoncore-3.14-64\Lib\site-packages\streamlit\runtime\scriptrunner\script_runner.py", line 795, in code_to_exec
    exec(code, module.__dict__)  # noqa: S102
  File "C:\Projects\okx-hackathon\app.py", line 56, in <module>
    token, analyze = render_home()
  File "C:\Projects\okx-hackathon\screens\home.py", line 11, in render
    token = st.text_input(
  File "C:\Users\USER\AppData\Local\Python\pythoncore-3.14-64\Lib\site-packages\streamlit\runtime\metrics_util.py", line 568, in wrapped_func
    result = non_optional_func(*args, **kwargs)
  File "C:\Users\USER\AppData\Local\Python\pythoncore-3.14-64\Lib\site-packages\streamlit\elements\widgets\text_widgets.py", line 341, in text_input
    return self._text_input(
  File "C:\Users\USER\AppData\Local\Python\pythoncore-3.14-64\Lib\site-packages\streamlit\elements\widgets\text_widgets.py", line 392, in _text_input
    maybe_raise_label_warnings(label, label_visibility)
  File "C:\Users\USER\AppData\Local\Python\pythoncore-3.14-64\Lib\site-packages\streamlit\elements\lib\policies.py", line 150, in maybe_raise_label_warnings
    _LOGGER.warning(
2026-07-14 09:33:19.295 `label` got an empty value. This is discouraged for accessibility reasons and may be disallowed in the future by raising an exception. Please provide a non-empty label and hide it with label_visibility if needed.
Stack (most recent call last):
  File "C:\Users\USER\AppData\Local\Python\pythoncore-3.14-64\Lib\threading.py", line 1044, in _bootstrap
    self._bootstrap_inner()
  File "C:\Users\USER\AppData\Local\Python\pythoncore-3.14-64\Lib\threading.py", line 1082, in _bootstrap_inner
    self._context.run(self.run)
  File "C:\Users\USER\AppData\Local\Python\pythoncore-3.14-64\Lib\threading.py", line 1024, in run
    self._target(*self._args, **self._kwargs)
  File "C:\Users\USER\AppData\Local\Python\pythoncore-3.14-64\Lib\site-packages\streamlit\runtime\scriptrunner\script_runner.py", line 418, in _run_script_thread
    self._run_script(request.rerun_data)
  File "C:\Users\USER\AppData\Local\Python\pythoncore-3.14-64\Lib\site-packages\streamlit\runtime\scriptrunner\script_runner.py", line 820, in _run_script
    ) = exec_func_with_error_handling(code_to_exec, ctx)
  File "C:\Users\USER\AppData\Local\Python\pythoncore-3.14-64\Lib\site-packages\streamlit\runtime\scriptrunner\exec_code.py", line 129, in exec_func_with_error_handling
    result = func()
  File "C:\Users\USER\AppData\Local\Python\pythoncore-3.14-64\Lib\site-packages\streamlit\runtime\scriptrunner\script_runner.py", line 795, in code_to_exec
    exec(code, module.__dict__)  # noqa: S102
  File "C:\Projects\okx-hackathon\app.py", line 56, in <module>
    token, analyze = render_home()
  File "C:\Projects\okx-hackathon\screens\home.py", line 11, in render
    token = st.text_input(
  File "C:\Users\USER\AppData\Local\Python\pythoncore-3.14-64\Lib\site-packages\streamlit\runtime\metrics_util.py", line 568, in wrapped_func
    result = non_optional_func(*args, **kwargs)
  File "C:\Users\USER\AppData\Local\Python\pythoncore-3.14-64\Lib\site-packages\streamlit\elements\widgets\text_widgets.py", line 341, in text_input
    return self._text_input(
  File "C:\Users\USER\AppData\Local\Python\pythoncore-3.14-64\Lib\site-packages\streamlit\elements\widgets\text_widgets.py", line 392, in _text_input
    maybe_raise_label_warnings(label, label_visibility)
  File "C:\Users\USER\AppData\Local\Python\pythoncore-3.14-64\Lib\site-packages\streamlit\elements\lib\policies.py", line 150, in maybe_raise_label_warnings
    _LOGGER.warning(
